// Jest Snapshot v1, https://goo.gl/fbAQLP

exports[`App tests View tests home page view 1`] = `
"<!DOCTYPE html>
<html lang="en">

<head>
  <meta charset="UTF-8">
  <meta content='width=device-width' name='viewport' />
  <title>Express with TypeScript Starter</title>
  <link rel="stylesheet" type="text/css" href="/stylesheets/styles.css" />
</head>

<body>
  Hello World!
</body>

</html>"
`;
